// Jest Snapshot v1, https://goo.gl/fbAQLP

exports[`正常系、機能選択画面に戻るボタンを押したときにFunctionSelectionがrenderされることの確認 1`] = `
Array [
  <h1>
    機能選択画面
  </h1>,
  <p
    className="error_message"
    id="error_message"
  />,
  <div
    className="username"
  >
    <p>
      ID:
      testuser
    </p>
  </div>,
  <div
    className="logout_button"
  >
    <button
      id="logout"
      onClick={[Function]}
    >
      ログアウト
    </button>
  </div>,
  <div
    className="function_area"
  >
    <button
      className="function"
      id="diagnoseFace"
      onClick={[Function]}
    >
      イキイキ顔診断
    </button>
  </div>,
  <div
    className="table"
  >
    <div
      className="table_area"
    >
      <p
        id="table_title"
      >
        testuser
        さんの過去のイキイキ度の記録
      </p>
      <p
        id="nodata_message"
      />
      <table
        border="2"
        width="650"
      >
        <thead>
          <tr>
            <th
              width="50%"
            >
              登録日
            </th>
            <th>
              イキイキ度
            </th>
          </tr>
        </thead>
        <tbody>
          <tr
            style={
              Object {
                "backgroundColor": "transparent",
              }
            }
          >
            <td>
              2022/03/01
            </td>
            <td>
              70
            </td>
          </tr>
          <tr
            style={
              Object {
                "backgroundColor": "transparent",
              }
            }
          >
            <td />
            <td>
              70
            </td>
          </tr>
          <tr
            style={
              Object {
                "backgroundColor": "transparent",
              }
            }
          >
            <td />
            <td>
              50
            </td>
          </tr>
        </tbody>
      </table>
    </div>
  </div>,
]
`;
