// Jest Snapshot v1, https://goo.gl/fbAQLP

exports[`API実行後のメッセージが反映されているかのテスト 1`] = `
Array [
  <h1>
    イキイキ顔診断　ログイン画面
  </h1>,
  <div
    className="main"
  >
    <form
      onSubmit={[Function]}
    >
      ID
      <br />
      <input
        className="box1"
        id="ID"
        onChange={[Function]}
        pattern="^[0-9a-zA-Z]+$"
        placeholder="ID"
        title="半角英数字のみ入力してください"
        type="text"
        value=""
      />
      <br />
      パスワード
      <br />
      <input
        className="box2"
        id="password"
        onChange={[Function]}
        pattern="^[0-9a-zA-Z]+$"
        placeholder="Password"
        title="半角英数字のみ入力してください"
        type="password"
        value=""
      />
      <button
        onClick={[Function]}
        type="submit"
      >
        ログイン
      </button>
      <div
        className="errMessage"
      >
        <p>
          
        </p>
      </div>
    </form>
  </div>,
]
`;
